// Jest Snapshot v1, https://goo.gl/fbAQLP

exports[`UserSearchForm renders the component 1`] = `<form><input type="text"><button type="submit">Search</button></form>`;
