// Jest Snapshot v1, https://goo.gl/fbAQLP

exports[`UserView renders the component 1`] = `
<div>
  <user-search-form-stub></user-search-form-stub>
  <user-profile-stub></user-profile-stub>
</div>
`;
